[    0.000000] Linux version 4.8.0-54-generic (buildd@lgw01-05) (gcc version 6.2.0 20161005 (Ubuntu 6.2.0-5ubuntu12) ) #57-Ubuntu SMP Wed May 24 10:21:44 UTC 2017 (Ubuntu 4.8.0-54.57-generic 4.8.17)
[    0.000000] Command line: BOOT_IMAGE=/boot/vmlinuz-4.8.0-54-generic root=UUID=66308665-1a7b-45c5-b2dd-bb28aaf0d2aa ro console=tty1 console=ttyS0
[    0.000000] KERNEL supported cpus    0.000000]   Intel GenuineIntel
[    0.000000]   AMD AuthenticAMD
[    0.000000]   Centaur CentaurHauls
[    0.000000] ------------[ cut here ]------------
[    0.000000] WARNING: CPU: 0 PID: 0 at /build/linux-suhXz1/linux-4.8.0/arch/x86/kernel/fpu/xstate.c:593 fpu__init_system_xstate+0x52a/0x96e
[    0.000000] XSAVE consistency problem, dumping leaves
[    0.000000] Modules linked in:
[    0.000000] CPU: 0 PID: 0 Comm: swapper Not tainted 4.8.0-54-generic #57-Ubuntu
[    0.000000]  0000000000000086 27f1ea8427f1ea82 ffffffff95a03d68 ffffffff95031752
[    0.000000]  ffffffff95a03db8 0000000000000000 ffffffff95a03da8 ffffffff94c831ab
[    0.000000]  0000025195a03d88 000000000000000a 0000000000000340 0000000000000440
[    0.000000] Call Trace:
[    0.000000]  [<ffffffff95031752>] dump_stack+0x63/0x81
[    0.000000]  [<ffffffff94c831ab>] __warn+0xcb/0xf0
[    0.000000]  [<ffffffff94c8322f>] warn_slowpath_fmt+0x5f/0x80
[    0.000000]  [<ffffffff94c7eb37>] ? xfeature_size+0x5a/0x78
[    0.000000]  [<ffffffff95b9543c>] fpu__init_system_xstate+0x52a/0x96e
[    0.000000]  [<ffffffff950662da>] ? msr_clear_bit+0x3a/0xa0
[    0.000000]  [<ffffffff95b94ab9>] fpu__init_system+0x205/0x319
[    0.000000]  [<ffffffff95b95f74>] early_cpu_init+0x13a/0x141
[    0.000000]  [<ffffffff95b9103a>] setup_arch+0xba/0xcff
[    0.000000]  [<ffffffff94d9f58b>] ? printk+0x57/0x73
[    0.000000]  [<ffffffff95b85120>] ? early_idt_handler_array+0x120/0x120
[    0.000000]  [<ffffffff95b85c3d>] start_kernel+0xb2/0x469
[    0.000000]  [<ffffffff95b85120>] ? early_idt_handler_array+0x120/0x120
[    0.000000]  [<ffffffff95b852ca>] x86_64_start_reservations+0x24/0x26
[    0.000000]  [<ffffffff95b85419>] x86_64_start_kernel+0x14d/0x170
[    0.000000] ---[ end trace 06ec5f90e2df561f ]---
[    0.000000] CPUID[0d, 00]: eax=00000007 ebx=00000440 ecx=00000440 edx=00000000
[    0.000000] CPUID[0d, 01]: eax=00000000 ebx=000003c0 ecx=00000000 edx=00000000
[    0.000000] CPUID[0d, 02]: eax=00000100 ebx=00000240 ecx=00000000 edx=00000000
[    0.000000] CPUID[0d, 03]: eax=00000000 ebx=00000000 ecx=00000000 edx=00000000
[    0.000000] CPUID[0d, 04]: eax=00000000 ebx=00000000 ecx=00000000 edx=00000000
[    0.000000] CPUID[0d, 05]: eax=00000000 ebx=00000000 ecx=00000000 edx=00000000
[    0.000000] CPUID[0d, 06]: eax=00000000 ebx=00000000 ecx=00000000 edx=00000000
[    0.000000] CPUID[0d, 07]: eax=00000000 ebx=00000000 ecx=00000000 edx=00000000
[    0.000000] CPUID[0d, 08]: eax=00000000 ebx=00000000 ecx=00000000 edx=00000000
[    0.000000] CPUID[0d, 09]: eax=00000000 ebx=00000000 ecx=00000000 edx=00000000
[    0.000000] CPUID[0d, 0a]: eax=00000000 ebx=00000000 ecx=00000000 edx=00000000
[    0.000000] CPUID[0d, 0b]: eax=00000000 ebx=00000000 ecx=00000000 edx=00000000
[    0.000000] CPUID[0d, 0c]: eax=00000000 ebx=00000000 ecx=00000000 edx=00000000
[    0.000000] CPUID[0d, 0d]: eax=00000000 ebx=00000000 ecx=00000000 edx=00000000
[    0.000000] CPUID[0d, 0e]: eax=00000000 ebx=00000000 ecx=00000000 edx=00000000
[    0.000000] CPUID[0d, 0f]: eax=00000000 ebx=00000000 ecx=00000000 edx=00000000
[    0.000000] CPUID[0d, 10]: eax=00000000 ebx=00000000 ecx=00000000 edx=00000000
[    0.000000] CPUID[0d, 11]: eax=00000000 ebx=00000000 ecx=00000000 edx=00000000
[    0.000000] CPUID[0d, 12]: eax=00000000 ebx=00000000 ecx=00000000 edx=00000000
[    0.000000] CPUID[0d, 13]: eax=00000000 ebx=00000000 ecx=00000000 edx=00000000
[    0.000000] x86/fpu: Supporting XSAVE feature 0x001: 'x87 floating point registers'
[    0.000000] x86/fpu: Supporting XSAVE feature 0x002: 'SSE registers'
[    0.000000] x86/fpu: Supporting XSAVE feature 0x004: 'AVX registers'
[    0.000000] x86/fpu: xstate_offset[2]:  576, xstate_sizes[2]:  256
[    0.000000] x86/fpu: Enabled xstate features 0x7, context size is 1088 bytes, using 'standard' format.
[    0.000000] x86/fpu: Using 'eager' FPU context switches.
[    0.000000] e820: BIOS-provided physical RAM map:
[    0.000000] BIOS-e820: [mem 0x0000000000000000-0x000000000009fbff] usable
[    0.000000] BIOS-e820: [mem 0x000000000009fc00-0x000000000009ffff] reserved
[    0.000000] BIOS-e820: [mem 0x00000000000f0000-0x00000000000fffff] reserved
[    0.000000] BIOS-e820: [mem 0x0000000000100000-0x000000007ffeffff] usable
[    0.000000] BIOS-e820: [mem 0x000000007fff0000-0x000000007fffffff] ACPI data
[    0.000000] BIOS-e820: [mem 0x00000000fec00000-0x00000000fec00fff] reserved
[    0.000000] BIOS-e820: [mem 0x00000000fee00000-0x00000000fee00fff] reserved
[    0.000000] BIOS-e820: [mem 0x00000000fffc0000-0x00000000ffffffff] reserved
[    0.000000] NX (Execute Disable) protection: active
[    0.000000] SMBIOS 2.5 present.
[    0.000000] Hypervisor detected: KVM
[    0.000000] e820: last_pfn = 0x7fff0 max_arch_pfn = 0x400000000
[    0.000000] MTRR: Disabled
[    0.000000] x86/PAT: MTRRs disabled, skipping PAT initialization too.
[    0.000000] x86/PAT: Configuration [0-7]: WB  WT  UC- UC  WB  WT  UC- UC  
[    0.000000] CPU MTRRs all blank - virtualized system.
[    0.000000] found SMP MP-table at [mem 0x0009fff0-0x0009ffff] mapped at [ffff8932c009fff0]
[    0.000000] Scanning 1 areas for low memory corruption
[    0.000000] RAMDISK: [mem 0x35ff0000-0x36feffff]
[    0.000000] ACPI: Early table checksum verification disabled
[    0.000000] ACPI: RSDP 0x00000000000E0000 000024 (v02 VBOX  )
[    0.000000] ACPI: XSDT 0x000000007FFF0030 00003C (v01 VBOX   VBOXXSDT 00000001 ASL  00000061)
[    0.000000] ACPI: FACP 0x000000007FFF00F0 0000F4 (v04 VBOX   VBOXFACP 00000001 ASL  00000061)
[    0.000000] ACPI: DSDT 0x000000007FFF0470 0021C8 (v02 VBOX   VBOXBIOS 00000002 INTL 20100528)
[    0.000000] ACPI: FACS 0x000000007FFF0200 000040
[    0.000000] ACPI: FACS 0x000000007FFF0200 000040
[    0.000000] ACPI: APIC 0x000000007FFF0240 00005C (v02 VBOX   VBOXAPIC 00000001 ASL  00000061)
[    0.000000] ACPI: SSDT 0x000000007FFF02A0 0001CC (v01 VBOX   VBOXCPUT 00000002 INTL 20100528)
[    0.000000] No NUMA configuration found
[    0.000000] Faking a node at [mem 0x0000000000000000-0x000000007ffeffff]
[    0.000000] NODE_DATA(0) allocated [mem 0x7ffeb000-0x7ffeffff]
[    0.000000] kvm-clock: Using msrs 4b564d01 and 4b564d00
[    0.000000] kvm-clock: cpu 0, msr 0:7ffe3001, primary cpu clock
[    0.000000] kvm-clock: using sched offset of 4023319853 cycles
[    0.000000] clocksource: kvm-clock: mask: 0xffffffffffffffff max_cycles: 0x1cd42e4dffb, max_idle_ns: 881590591483 ns
[    0.000000] Zone ranges:
[    0.000000]   DMA      [mem 0x0000000000001000-0x0000000000ffffff]
[    0.000000]   DMA32    [mem 0x0000000001000000-0x000000007ffeffff]
[    0.000000]   Normal   empty
[    0.000000]   Device   empty
[    0.000000] Movable zone start for each node
[    0.000000] Early memory node ranges
[    0.000000]   node   0: [mem 0x0000000000001000-0x000000000009efff]
[    0.000000]   node   0: [mem 0x0000000000100000-0x000000007ffeffff]
[    0.000000] Initmem setup node 0 [mem 0x0000000000001000-0x000000007ffeffff]
[    0.000000] ACPI: PM-Timer IO Port: 0x4008
[    0.000000] IOAPIC[0]: apic_id 2, version 32, address 0xfec00000, GSI 0-23
[    0.000000] ACPI: INT_SRC_OVR (bus 0 bus_irq 0 global_irq 2 dfl dfl)
[    0.000000] ACPI: INT_SRC_OVR (bus 0 bus_irq 9 global_irq 9 high level)
[    0.000000] Using ACPI (MADT) for SMP configuration information
[    0.000000] smpboot: Allowing 2 CPUs, 0 hotplug CPUs
[    0.000000] PM: Registered nosave memory: [mem 0x00000000-0x00000fff]
[    0.000000] PM: Registered nosave memory: [mem 0x0009f000-0x0009ffff]
[    0.000000] PM: Registered nosave memory: [mem 0x000a0000-0x000effff]
[    0.000000] PM: Registered nosave memory: [mem 0x000f0000-0x000fffff]
[    0.000000] e820: [mem 0x80000000-0xfebfffff] available for PCI devices
[    0.000000] Booting paravirtualized kernel on KVM
[    0.000000] clocksource: refined-jiffies: mask: 0xffffffff max_cycles: 0xffffffff, max_idle_ns: 7645519600211568 ns
[    0.000000] setup_percpu: NR_CPUS:512 nr_cpumask_bits:512 nr_cpu_ids:2 nr_node_ids:1
[    0.000000] percpu: Embedded 36 pages/cpu @ffff89333fc00000 s107864 r8192 d31400 u1048576
[    0.000000] PV qspinlock hash table entries: 256 (order: 0, 4096 bytes)
[    0.000000] Built 1 zonelists in Node order, mobility grouping on.  Total pages: 515961
[    0.000000] Policy zone: DMA32
[    0.000000] Kernel command line: BOOT_IMAGE=/boot/vmlinuz-4.8.0-54-generic root=UUID=66308665-1a7b-45c5-b2dd-bb28aaf0d2aa ro console=tty1 console=ttyS0
[    0.000000] PID hash table entries: 4096 (order: 3, 32768 bytes)
[    0.000000] Memory: 2028144K/2096696K available (8848K kernel code, 1441K rwdata, 3828K rodata, 1552K init, 1296K bss, 68552K reserved, 0K cma-reserved)
[    0.000000] SLUB: HWalign=64, Order=0-3, MinObjects=0, CPUs=2, Nodes=1
[    0.000000] Hierarchical RCU implementation.
[    0.000000] 	Build-time adjustment of leaf fanout to 64.
[    0.000000] 	RCU restricting CPUs from NR_CPUS=512 to nr_cpu_ids=2.
[    0.000000] RCU: Adjusting geometry for rcu_fanout_leaf=64, nr_cpu_ids=2
[    0.000000] NR_IRQS:33024 nr_irqs:440 16
[    0.000000] Console: colour VGA+ 80x25
[    0.000000] console [tty1] enabled
[    0.000000] console [ttyS0] enabled
[    0.000000] tsc: Detected 2303.996 MHz processor
[    2.351647] Calibrating delay loop (skipped) preset value.. 4607.99 BogoMIPS (lpj=9215984)
[    2.356165] pid_max: default: 32768 minimum: 301
[    2.357182] ACPI: Core revision 20160422
[    2.359455] ACPI: 2 ACPI AML tables successfully acquired and loaded
[    2.374734] 
[    2.375269] Security Framework initialized
[    2.376194] Yama: becoming mindful.
[    2.380073] AppArmor: AppArmor initialized
[    2.389118] Dentry cache hash table entries: 262144 (order: 9, 2097152 bytes)
[    2.420049] Inode-cache hash table entries: 131072 (order: 8, 1048576 bytes)
[    2.438218] Mount-cache hash table entries: 4096 (order: 3, 32768 bytes)
[    2.463877] Mountpoint-cache hash table entries: 4096 (order: 3, 32768 bytes)
[    2.472822] CPU: Physical Processor ID: 0
[    2.479765] CPU: Processor Core ID: 0
[    2.483758] mce: CPU supports 0 MCE banks
[    2.491457] Last level iTLB entries: 4KB 128, 2MB 8, 4MB 8
[    2.499404] Last level dTLB entries: 4KB 64, 2MB 0, 4MB 0, 1GB 4
[    2.513088] Freeing SMP alternatives memory: 32K (ffffffff95cee000 - ffffffff95cf6000)
[    2.527098] ftrace: allocating 33435 entries in 131 pages
[    2.588119] smpboot: APIC(0) Converting physical 0 to logical package 0
[    2.603411] smpboot: Max logical packages: 1
[    2.604998] x2apic enabled
[    2.606057] Switched APIC routing to physical x2apic.
[    2.620955] ..TIMER: vector=0x30 apic1=0 pin1=2 apic2=-1 pin2=-1
[    2.738575] smpboot: CPU0: Intel(R) Core(TM) i5-6300HQ CPU @ 2.30GHz (family: 0x6, model: 0x5e, stepping: 0x3)
[    2.768848] Performance Events: unsupported p6 CPU model 94 no PMU driver, software events only.
[    2.772349] KVM setup paravirtual spinlock
[    2.774257] x86: Booting SMP configuration:
[    2.775225] .... node  #0, CPUs:      #1
[    2.776525] kvm-clock: cpu 1, msr 0:7ffe3041, secondary cpu clock
[    2.777275] mce: CPU supports 0 MCE banks
[    2.781090] x86: Booted up 1 node, 2 CPUs
[    2.786671] smpboot: Total of 2 processors activated (9215.98 BogoMIPS)
[    2.788933] devtmpfs: initialized
[    2.794550] x86/mm: Memory block size: 128MB
[    2.796755] evm: security.selinux
[    2.800273] evm: security.SMACK64
[    2.800973] evm: security.SMACK64EXEC
[    2.807814] evm: security.SMACK64TRANSMUTE
[    2.808898] evm: security.SMACK64MMAP
[    2.811179] evm: security.ima
[    2.811824] evm: security.capability
[    2.814494] clocksource: jiffies: mask: 0xffffffff max_cycles: 0xffffffff, max_idle_ns: 7645041785100000 ns
[    2.816787] pinctrl core: initialized pinctrl subsystem
[    2.817956] RTC time:  4:52:32, date: 06/08/17
[    2.826841] NET: Registered protocol family 16
[    2.847265] cpuidle: using governor ladder
[    2.866802] cpuidle: using governor menu
[    2.878724] PCCT header not found.
[    2.879599] ACPI: bus type PCI registered
[    2.880480] acpiphp: ACPI Hot Plug PCI Controller Driver version: 0.5
[    2.881919] PCI: Using configuration type 1 for base access
[    2.902275] HugeTLB registered 2 MB page size, pre-allocated 0 pages
[    2.912667] ACPI: Added _OSI(Module Device)
[    2.913769] ACPI: Added _OSI(Processor Device)
[    2.914769] ACPI: Added _OSI(3.0 _SCP Extensions)
[    2.926326] ACPI: Added _OSI(Processor Aggregator Device)
[    2.971562] ACPI: Executed 1 blocks of module-level executable AML code
[    2.984082] ACPI: Interpreter enabled
[    2.999528] ACPI: (supports S0 S5)
[    3.000369] ACPI: Using IOAPIC for interrupt routing
[    3.006739] PCI: Using host bridge windows from ACPI; if necessary, use "pci=nocrs" and report a bug
[    3.012455] ACPI: PCI Root Bridge [PCI0] (domain 0000 [bus 00-ff])
[    3.034526] acpi PNP0A03:00: _OSC: OS supports [ASPM ClockPM Segments MSI]
[    3.074167] acpi PNP0A03:00: _OSC failed (AE_NOT_FOUND); disabling ASPM
[    3.078446] acpi PNP0A03:00: fail to add MMCONFIG information, can't access extended PCI configuration space under this bridge.
[    3.112269] PCI host bridge to bus 0000:00
[    3.113216] pci_bus 0000:00: root bus resource [io  0x0000-0x0cf7 window]
[    3.114631] pci_bus 0000:00: root bus resource [io  0x0d00-0xffff window]
[    3.120167] pci_bus 0000:00: root bus resource [mem 0x000a0000-0x000bffff window]
[    3.179701] pci_bus 0000:00: root bus resource [mem 0x80000000-0xffdfffff window]
[    3.215851] pci_bus 0000:00: root bus resource [bus 00-ff]
[    3.229204] pci 0000:00:01.1: legacy IDE quirk: reg 0x10: [io  0x01f0-0x01f7]
[    3.241058] pci 0000:00:01.1: legacy IDE quirk: reg 0x14: [io  0x03f6]
[    3.274087] pci 0000:00:01.1: legacy IDE quirk: reg 0x18: [io  0x0170-0x0177]
[    3.275546] pci 0000:00:01.1: legacy IDE quirk: reg 0x1c: [io  0x0376]
[    3.328628] pci 0000:00:07.0: quirk: [io  0x4000-0x403f] claimed by PIIX4 ACPI
[    3.348120] pci 0000:00:07.0: quirk: [io  0x4100-0x410f] claimed by PIIX4 SMB
[    3.366707] ACPI: PCI Interrupt Link [LNKA] (IRQs 5 9 10 *11)
[    3.394190] ACPI: PCI Interrupt Link [LNKB] (IRQs 5 9 10 *11)
[    3.395854] ACPI: PCI Interrupt Link [LNKC] (IRQs 5 9 *10 11)
[    3.397599] ACPI: PCI Interrupt Link [LNKD] (IRQs 5 *9 10 11)
[    3.399389] ACPI: Enabled 2 GPEs in block 00 to 07
[    3.404989] SCSI subsystem initialized
[    3.428022] vgaarb: setting as boot device: PCI:0000:00:02.0
[    3.446008] vgaarb: device added: PCI:0000:00:02.0,decodes=io+mem,owns=io+mem,locks=none
[    3.464083] vgaarb: loaded
[    3.474646] vgaarb: bridge control possible 0000:00:02.0
[    3.475829] ACPI: bus type USB registered
[    3.476875] usbcore: registered new interface driver usbfs
[    3.495710] usbcore: registered new interface driver hub
[    3.496833] usbcore: registered new device driver usb
[    3.498242] PCI: Using ACPI for IRQ routing
[    3.499513] NetLabel: Initializing
[    3.500424] NetLabel:  domain hash size = 128
[    3.503946] NetLabel:  protocols = UNLABELED CIPSOv4
[    3.509728] NetLabel:  unlabeled traffic allowed by default
[    3.534890] clocksource: Switched to clocksource kvm-clock
[    3.594552] VFS: Disk quotas dquot_6.6.0
[    3.626170] VFS: Dquot-cache hash table entries: 512 (order 0, 4096 bytes)
[    3.643206] AppArmor: AppArmor Filesystem Enabled
[    3.644250] pnp: PnP ACPI init
[    3.648269] pnp: PnP ACPI: found 3 devices
[    3.659970] clocksource: acpi_pm: mask: 0xffffff max_cycles: 0xffffff, max_idle_ns: 2085701024 ns
[    3.794047] NET: Registered protocol family 2
[    3.795284] TCP established hash table entries: 16384 (order: 5, 131072 bytes)
[    3.797010] TCP bind hash table entries: 16384 (order: 6, 262144 bytes)
[    3.798365] TCP: Hash tables configured (established 16384 bind 16384)
[    3.810198] UDP hash table entries: 1024 (order: 3, 32768 bytes)
[    3.905693] UDP-Lite hash table entries: 1024 (order: 3, 32768 bytes)
[    4.025629] NET: Registered protocol family 1
[    4.026601] pci 0000:00:00.0: Limiting direct PCI/PCI transfers
[    4.051819] pci 0000:00:01.0: Activating ISA DMA hang workarounds
[    4.053105] pci 0000:00:02.0: Video device with shadowed ROM at [mem 0x000c0000-0x000dffff]
[    4.146104] Unpacking initramfs...
[    4.487085] Freeing initrd memory: 16384K (ffff8932f5ff0000 - ffff8932f6ff0000)
[    4.614545] platform rtc_cmos: registered platform RTC device (no PNP device found)
[    4.782189] Scanning for low memory corruption every 60 seconds
[    4.783616] futex hash table entries: 512 (order: 3, 32768 bytes)
[    4.824512] audit: initializing netlink subsys (disabled)
[    4.825492] audit: type=2000 audit(1496897557.284:1): initialized
[    4.826832] Initialise system trusted keyrings
[    4.914651] workingset: timestamp_bits=40 max_order=19 bucket_order=0
[    5.060351] zbud: loaded
[    5.084196] squashfs: version 4.0 (2009/01/31) Phillip Lougher
[    5.178401] fuse init (API version 7.25)
[    5.200428] Allocating IMA blacklist keyring.
[    5.213809] Key type asymmetric registered
[    5.275375] Asymmetric key parser 'x509' registered
[    5.366612] Block layer SCSI generic (bsg) driver version 0.4 loaded (major 248)
[    5.444272] io scheduler noop registered
[    5.447758] io scheduler deadline registered (default)
[    5.459959] io scheduler cfq registered
[    5.461236] pci_hotplug: PCI Hot Plug PCI Core version: 0.5
[    5.462329] pciehp: PCI Express Hot Plug Controller Driver version: 0.4
[    5.463932] ACPI: AC Adapter [AC] (on-line)
[    5.471665] input: Power Button as /devices/LNXSYSTM:00/LNXPWRBN:00/input/input0
[    5.475299] ACPI: Power Button [PWRF]
[    5.494714] input: Sleep Button as /devices/LNXSYSTM:00/LNXSLPBN:00/input/input1
[    5.504745] ACPI: Sleep Button [SLPF]
[    5.507960] ACPI: Battery Slot [BAT0] (battery present)
[    5.511891] GHES: HEST is not enabled!
[    5.518588] Serial: 8250/16550 driver, 32 ports, IRQ sharing enabled
[    5.573383] 00:02: ttyS0 at I/O 0x3f8 (irq = 4, base_baud = 115200) is a 16550A
[    5.603510] Linux agpgart interface v0.103
[    5.613643] loop: module loaded
[    5.621867] scsi host0: ata_piix
[    5.628256] scsi host1: ata_piix
[    5.630518] ata1: PATA max UDMA/33 cmd 0x1f0 ctl 0x3f6 bmdma 0xd000 irq 14
[    5.635944] ata2: PATA max UDMA/33 cmd 0x170 ctl 0x376 bmdma 0xd008 irq 15
[    5.649562] libphy: Fixed MDIO Bus: probed
[    5.662784] tun: Universal TUN/TAP device driver, 1.6
[    5.667221] tun: (C) 1999-2004 Max Krasnyansky <maxk@qualcomm.com>
[    5.679211] PPP generic driver version 2.4.2
[    5.684185] ehci_hcd: USB 2.0 'Enhanced' Host Controller (EHCI) Driver
[    5.691587] ehci-pci: EHCI PCI platform driver
[    5.692621] ehci-platform: EHCI generic platform driver
[    5.693820] ohci_hcd: USB 1.1 'Open' Host Controller (OHCI) Driver
[    5.696680] ohci-pci: OHCI PCI platform driver
[    5.697722] ohci-platform: OHCI generic platform driver
[    5.698884] uhci_hcd: USB Universal Host Controller Interface driver
[    5.700515] i8042: PNP: PS/2 Controller [PNP0303:PS2K,PNP0f03:PS2M] at 0x60,0x64 irq 1,12
[    5.708311] serio: i8042 KBD port at 0x60,0x64 irq 1
[    5.710651] serio: i8042 AUX port at 0x60,0x64 irq 12
[    5.711894] mousedev: PS/2 mouse device common for all mice
[    5.716252] input: AT Translated Set 2 keyboard as /devices/platform/i8042/serio0/input/input2
[    5.726953] rtc_cmos rtc_cmos: rtc core: registered rtc_cmos as rtc0
[    5.738043] rtc_cmos rtc_cmos: alarms up to one day, 114 bytes nvram
[    5.795405] tsc: Refined TSC clocksource calibration: 2304.446 MHz
[    5.795429] clocksource: tsc: mask: 0xffffffffffffffff max_cycles: 0x21379d49767, max_idle_ns: 440795260962 ns
[    6.319200] i2c /dev entries driver
[    6.429530] device-mapper: uevent: version 1.0.3
[    6.485539] device-mapper: ioctl: 4.35.0-ioctl (2016-06-23) initialised: dm-devel@redhat.com
[    6.664869] ledtrig-cpu: registered to indicate activity on CPUs
[    6.695217] NET: Registered protocol family 10
[    6.759741] NET: Registered protocol family 17
[    6.776421] Key type dns_resolver registered
[    6.885053] microcode: sig=0x506e3, pf=0x2, revision=0x0
[    6.981161] microcode: Microcode Update Driver: v2.01 <tigran@aivazian.fsnet.co.uk>, Peter Oruba
[    7.136864] registered taskstats version 1
[    7.201277] Loading compiled-in X.509 certificates
[    7.238319] Loaded X.509 cert 'Build time autogenerated kernel key: 2a49fe74529c82e508afa5f01a7bdd84db7be87b'
[    7.309360] zswap: loaded using pool lzo/zbud
[    7.341600] Key type big_key registered
[    7.373562] Key type trusted registered
[    7.377403] Key type encrypted registered
[    7.378376] AppArmor: AppArmor sha1 policy hashing enabled
[    7.380100] ima: No TPM chip found, activating TPM-bypass!
[    7.382595] evm: HMAC attrs: 0x1
[    7.383918]   Magic number: 5:361:868
[    7.388426] rtc_cmos rtc_cmos: setting system clock to 2017-06-08 04:52:37 UTC (1496897557)
[    7.392024] BIOS EDD facility v0.16 2004-Jun-25, 0 devices found
[    7.393232] EDD information not available.
[    7.395679] Freeing unused kernel memory: 1552K (ffffffff95b6a000 - ffffffff95cee000)
[    7.411261] Write protecting the kernel read-only data: 14336k
[    7.421486] Freeing unused kernel memory: 1376K (ffff8932f94a8000 - ffff8932f9600000)
[    7.429187] Freeing unused kernel memory: 268K (ffff8932f99bd000 - ffff8932f9a00000)
[    7.437845] x86/mm: Checked W+X mappings: passed, no W+X pages found.
Loading, please wait...
starting version[    7.466555] random: systemd-udevd: uninitialized urandom read (16 bytes read)
 231
[    7.467387] random: udevadm: uninitialized urandom read (16 bytes read)
[    7.467413] random: udevadm: uninitialized urandom read (16 bytes read)
[    7.468492] random: udevadm: uninitialized urandom read (16 bytes read)
[    7.468569] random: udevadm: uninitialized urandom read (16 bytes read)
[    7.468637] random: udevadm: uninitialized urandom read (16 bytes read)
[    7.469255] random: udevadm: uninitialized urandom read (16 bytes read)
[    7.469388] random: udevadm: uninitialized urandom read (16 bytes read)
[    7.469485] random: udevadm: uninitialized urandom read (16 bytes read)
[    7.469546] random: udevadm: uninitialized urandom read (16 bytes read)
[    7.545103] e1000: Intel(R) PRO/1000 Network Driver - version 7.3.21-k8-NAPI
[    7.560074] e1000: Copyright (c) 1999-2006 Intel Corporation.
[    7.587187] Fusion MPT base driver 3.04.20
[    7.594457] Copyright (c) 1999-2008 LSI Corporation
[    7.611975] Fusion MPT SPI Host driver 3.04.20
[    7.634345] AVX version of gcm_enc/dec engaged.
[    7.658265] AES CTR mode by8 optimization enabled
[    7.855861] input: ImExPS/2 Generic Explorer Mouse as /devices/platform/i8042/serio1/input/input4
[    8.001642] e1000 0000:00:03.0 eth0: (PCI:33MHz:32-bit) 02:77:1c:24:14:1a
[    8.048563] e1000 0000:00:03.0 eth0: Intel(R) PRO/1000 Network Connection
[    8.075884] mptbase: ioc0: Initiating bringup
[    8.076259] e1000 0000:00:03.0 enp0s3: renamed from eth0
[    8.315527] ioc0: LSI53C1030 A0: Capabilities={Initiator}
[    8.708435] scsi host2: ioc0: LSI53C1030 A0, FwRev=00000000h, Ports=1, MaxQ=256, IRQ=20
[    8.987971] scsi 2:0:0:0: Direct-Access     VBOX     HARDDISK         1.0  PQ: 0 ANSI: 5
[    9.116152] scsi target2:0:0: Beginning Domain Validation
[    9.244481] scsi target2:0:0: Domain Validation skipping write tests
[    9.248977] scsi target2:0:0: Ending Domain Validation
[    9.249965] scsi target2:0:0: asynchronous
[    9.268874] scsi 2:0:1:0: Direct-Access     VBOX     HARDDISK         1.0  PQ: 0 ANSI: 5
[    9.276104] scsi target2:0:1: Beginning Domain Validation
[    9.277898] scsi target2:0:1: Domain Validation skipping write tests
[    9.280701] scsi target2:0:1: Ending Domain Validation
[    9.281707] scsi target2:0:1: asynchronous
[    9.305273] random: fast init done
[    9.387415] sd 2:0:0:0: Attached scsi generic sg0 type 0
[    9.483826] sd 2:0:0:0: [sda] 20971520 512-byte logical blocks: (10.7 GB/10.0 GiB)
[    9.684942] sd 2:0:1:0: [sdb] 20480 512-byte logical blocks: (10.5 MB/10.0 MiB)
[    9.684998] sd 2:0:0:0: [sda] Write Protect is off
[    9.852280] sd 2:0:1:0: Attached scsi generic sg1 type 0
[    9.881780] sd 2:0:0:0: [sda] Incomplete mode parameter data
[    9.881837] sd 2:0:1:0: [sdb] Write Protect is off
[    9.881958] sd 2:0:1:0: [sdb] Incomplete mode parameter data
[    9.881958] sd 2:0:1:0: [sdb] Assuming drive cache: write through
[    9.889253] sd 2:0:1:0: [sdb] Attached SCSI disk
[   10.079571] sd 2:0:0:0: [sda] Assuming drive cache: write through
[   10.082875]  sda: sda1
[   10.142396] sd 2:0:0:0: [sda] Attached SCSI disk
[   10.725919] floppy0: no floppy controllers found
Begin: Loading e[   12.221356] md: linear personality registered for level -1
ssential drivers[   12.233776] md: multipath personality registered for level -4
 ... [   12.390902] md: raid0 personality registered for level 0
[   12.444920] md: raid1 personality registered for level 1
[   12.535400] raid6: sse2x1   gen()  5443 MB/s
[   12.627322] raid6: sse2x1   xor()  4500 MB/s
[   12.779284] raid6: sse2x2   gen()  8617 MB/s
[   12.939185] raid6: sse2x2   xor()  5592 MB/s
[   13.139305] raid6: sse2x4   gen()  8041 MB/s
[   13.210899] raid6: sse2x4   xor()  5685 MB/s
[   13.218886] raid6: using algorithm sse2x2 gen() 8617 MB/s
[   13.220980] raid6: .... xor() 5592 MB/s, rmw enabled
[   13.225409] raid6: using ssse3x2 recovery algorithm
[   13.229129] xor: automatically using best checksumming function: avx
[   13.279282] async_tx: api initialized (async)
[   13.296583] md: raid6 personality registered for level 6
[   13.298618] md: raid5 personality registered for level 5
[   13.314763] md: raid4 personality registered for level 4
[   13.351435] md: raid10 personality registered for level 10
done.
Begin: Running /scripts/init-premount ... done.
Begin: Mounti[   13.432284] Btrfs loaded, crc32c=crc32c-intel
ng root file system ... Begin: Running /scripts/local-top ... done.
Begin: Running /scripts/local-premount ... Scanning for Btrfs filesystems
done.
Warning: fsck not present, so skipping root file[   13.519200] EXT4-fs (sda1): mounted filesystem with ordered data mode. Opts: (null)
 system
done.
Begin: Running /scripts/local-bottom ... done.
Begin: Running /scripts/init-bottom ... done.
[   14.573649] ip_tables: (C) 2000-2006 Netfilter Core Team
[   14.797915] systemd[1]: systemd 231 running in system mode. (+PAM +AUDIT +SELINUX +IMA +APPARMOR +SMACK +SYSVINIT +UTMP +LIBCRYPTSETUP +GCRYPT +GNUTLS +ACL +XZ -LZ4 +SECCOMP +BLKID +ELFUTILS +KMOD +IDN)
[   14.828261] systemd[1]: Detected virtualization oracle.
[   14.829412] systemd[1]: Detected architecture x86-64.

Welcome to [1mUbuntu 16.10[0m!

[   14.857374] systemd[1]: Set hostname to <rails-dev-box>.
[   15.074325] random: crng init done
[   15.824866] systemd[1]: Listening on Journal Socket (/dev/log).
[[0;32m  OK  [0m] Listening on Journal Socket (/dev/log).
[   16.019564] systemd[1]: Reached target User and Group Name Lookups.
[[0;32m  OK  [0m] Reached target User and Group Name Lookups.
[   16.131721] systemd[1]: Listening on /dev/initctl Compatibility Named Pipe.
[[0;32m  OK  [0m] Listening on /dev/initctl Compatibility Named Pipe.
[   16.406121] systemd[1]: Listening on Device-mapper event daemon FIFOs.
[[0;32m  OK  [0m] Listening on Device-mapper event daemon FIFOs.
[   16.623256] systemd[1]: Listening on Syslog Socket.
[[0;32m  OK  [0m] Listening on Syslog Socket.
[   16.808614] systemd[1]: Listening on Journal Audit Socket.
[[0;32m  OK  [0m] Listening on Journal Audit Socket.
[[0;32m  OK  [0m] Listening on udev Control Socket.
[[0;32m  OK  [0m] Set up automount Arbitrary Executab...ats File System Automount Point.
[[0;32m  OK  [0m] Listening on Journal Socket.
[[0;32m  OK  [0m] Created slice User and Session Slice.
[[0;32m  OK  [0m] Listening on LVM2 poll daemon socket.
[[0;32m  OK  [0m] Listening on LVM2 metadata daemon socket.
[[0;32m  OK  [0m] Reached target Encrypted Volumes.
[[0;32m  OK  [0m] Listening on udev Kernel Socket.
[[0;32m  OK  [0m] Created slice System Slice.
         Starting Remount Root and Kernel File Systems...
         Starting Create [   17.575572] EXT4-fs (sda1): re-mounted. Opts: (null)
list of required st... nodes for the current kernel...
         Starting Set the console keyboard layout...
         Mounting Debug File System...
[[0;32m  OK  [0m] Created slice system-postgresql.slice.
         Starting Journal Service...
         Starting Nameserver information manager...
[[0;32m  OK  [0m] Reached target Slices.
         Starting Uncomplicated firewall...
         Starting Monitoring of LVM2 mirrors... dmeventd or progress polling...
         Mounting Huge Pages File System...
[[0;32m  OK  [0m] Created slice system-serial\x2dgetty.slice.
[[0;32m  OK  [0m] Started Forward Password Requests to Wall Directory Watch.
         Starting Load Kernel Modules...
         Mounting POSIX Message Queue File System...
[   18.609188] Loading iSCSI transport class v2.0-870.
[[0;32m  OK  [0m] Mounted POSIX Message Queue F[   18.792959] iscsi: registered transport (tcp)
ile System.
[[0;32m  OK  [0m] Mounted Huge Pages File System.
[[0;32m  OK  [0m] Mounted Debug File System.
[[0;32m  OK  [0m] Started Journal Service.
[[0;32m  OK  [0m] Started Remount Root and Kernel File Systems.
[[0;32m  OK  [0m] Started Create list of required sta...ce nodes for the current kernel.
[   18.966842] iscsi: registered transport (iser)
[[0;32m  OK  [0m] Started Uncomplicated firewall.
[[0;32m  OK  [0m] Started Load Kernel Modules.
[[0;32m  OK  [0m] Started LVM2 metadata daemon.
         Starting Apply Kernel Variables...
         Mounting FUSE Control File System...
         Mounting Configuration File System...
         Starting Create Static Device Nodes in /dev...
         Starting Load/Save Random Seed...
         Starting udev Coldplug all Devices...
         Activating swap /swapfile...
         Starting Initial cloud-init job (pre-networking)...
         Starting Flush Journal to Persistent Storage...
[[0;32m  OK  [0m] Mounted FUSE Control File System.
[[0;32m  OK  [0m] Mounted Configuration File System.
[[0;32m  OK  [0m] Activated swap /swapfile.
[[0;32m  OK  [0m] Started Monitoring of LVM2 mirrors,...ng dmeventd or progress polling.
[[0;32m  OK  [0m] Started Nameserver information manager.
[[0;32m  OK  [0m] Started Apply Kernel Variables.
[[0;32m  OK  [0m] Started Create Static Device Nodes in /dev.
[[0;32m  OK  [0m] Started Load/Save Random Seed.
[[0;32m  OK  [0m] Started udev Coldplug all Devices.
         Starting udev Kernel Device Manager...
[[0;32m  OK  [0m] Reached target Swap.
[[0;32m  OK  [0m] Started Flush Journal to Persistent Storage.
[[0;32m  OK  [0m] Started udev Kernel Device Manager.
[[0;32m  OK  [0m] Found device /dev/ttyS0.
[[0;32m  OK  [0m] Found device 82540EM Gigabit Ethern...r (PRO/1000 MT Desktop Adapter).
[[0;32m  OK  [0m] Listening on Load/Save RF Kill Switch Status /dev/rfkill Watch.
[[0;32m  OK  [0m] Started Set the console keyboard layout.
[[0;32m  OK  [0m] Reached target Local File Systems (Pre).
[[0;32m  OK  [0m] Reached target Local File Systems.
         Starting ebtables ruleset management...
         Starting Create Volatile Files and Directories...
         Starting Set console font and keymap...
         Starting Tell Plymouth To Write Out Runtime Data...
         Starting AppArmor initialization...
[[0;32m  OK  [0m] Started Dispatch Password Requests to Console Directory Watch.
[[0;32m  OK  [0m] Started Create Volatile Files and Directories.
[[0;32m  OK  [0m] Started Set console font and keymap.
[[0;32m  OK  [0m] Started Tell Plymouth To Write Out Runtime Data.
         Starting Update UTMP about System Boot/Shutdown...
[[0;32m  OK  [0m] Reached target System Time Synchronized.
[[0;32m  OK  [0m] Started ebtables ruleset management.
[[0;32m  OK  [0m] Started Update UTMP about System Boot/Shutdown.
[[0;32m  OK  [0m] Started AppArmor initialization.
[   21.108212] cloud-init[470]: Cloud-init v. 0.7.9 running 'init-local' at Thu, 08 Jun 2017 04:52:53 +0000. Up 20.78 seconds.
[[0;32m  OK  [0m] Started Initial cloud-init job (pre-networking).
[[0;32m  OK  [0m] Reached target Network (Pre).
         Starting Raise network interfaces...
[[0;32m  OK  [0m] Started ifup for enp0s3.
[[0;32m  OK  [0m] Started Raise network interfaces.
[[0;32m  OK  [0m] Reached target Network.
         Starting Initial cloud-init job (metadata service crawler)...
[   23.111018] cloud-init[1113]: Cloud-init v. 0.7.9 running 'init' at Thu, 08 Jun 2017 04:52:55 +0000. Up 22.65 seconds.
[   23.220694] cloud-init[1113]: ci-info: +++++++++++++++++++++++++++++Net device info++++++++++++++++++++++++++++++
[   23.324494] cloud-init[1113]: ci-info: +---------+------+-----------+---------------+-------+-------------------+
[[0;32m  OK  [0m] Started Initial cloud-init job (metadata service crawler).
[[0;32m  OK  [0m] Reached target Network is Online.
[   23.440145] cloud-init[1113]: ci-info: |  Device |  Up  |  Address  |      Mask     | Scope |     Hw-Address    |
         Starting iSCSI initiator daemon (iscsid)...
[[0;32m  OK  [0m] Reached target Cloud-config availability.
[   23.619232] cloud-init[1113]: ci-info: +---------+------+-----------+---------------+-------+-------------------+
[   23.761690] cloud-init[1113]: ci-info: | enp0s3: | True | 10.0.2.15 | 255.255.255.0 |   .   | 02:77:1c:24:14:1a |
[   23.852986] cloud-init[1113]: ci-info: | enp0s3: | True |     .     |       .       |   d   | 02:77:1c:24:14:1a |
[[0;32m  OK  [0m[   23.928310] cloud-init[1113]: ci-info: |   lo:   | True | 127.0.0.1 |   255.0.0.0   |   .   |         .         |
[   23.928362] cloud-init[1113]: ci-info: |   lo:   | True |     .     |       .       |   d   |         .         |
[   23.928404] cloud-init[1113]: ci-info: +---------+------+-----------+---------------+-------+-------------------+
[   23.928447] cloud-init[1113]: ci-info: +++++++++++++++++++++++++++Route IPv4 info++++++++++++++++++++++++++++
[   23.928484] cloud-init[1113]: ci-info: +-------+-------------+----------+---------------+-----------+-------+
[   23.928519] cloud-init[1113]: ci-info: | Route | Destination | Gateway  |    Genmask    | Interface | Flags |
[   23.928554] cloud-init[1113]: ci-info: +-------+-------------+----------+---------------+-----------+-------+
[   23.928590] cloud-init[1113]: ci-info: |   0   |   0.0.0.0   | 10.0.2.2 |    0.0.0.0    |   enp0s3  |   UG  |
[   23.928625] cloud-init[1113]: ci-info: |   1   |   10.0.2.0  | 0.0.0.0  | 255.255.255.0 |   enp0s3  |   U   |
[   23.928659] cloud-init[1113]: ci-info: +-------+-------------+----------+---------------+-----------+-------+
] Reached target System Initialization.
[[0;32m  OK  [0m] Started Daily Cleanup of Temporary Directories.
[[0;32m  OK  [0m] Started Timer to automatically refresh installed snaps.
[[0;32m  OK  [0m] Listening on ACPID Listen Socket.
[[0;32m  OK  [0m] Listening on D-Bus System Message Bus Socket.
[[0;32m  OK  [0m] Started Daily apt activities.
[[0;32m  OK  [0m] Reached target Timers.
[[0;32m  OK  [0m] Started ACPI Events Check.
[[0;32m  OK  [0m] Reached target Paths.
[[0;32m  OK  [0m] Listening on UUID daemon activation socket.
         Starting LXD - unix socket.
         Starting Socket activation for snappy daemon.
[[0;32m  OK  [0m] Listening on LXD - unix socket.
[[0;32m  OK  [0m] Listening on Socket activation for snappy daemon.
[[0;32m  OK  [0m] Started iSCSI initiator daemon (iscsid).
         Starting Login to default iSCSI targets...
[[0;32m  OK  [0m] Reached target Sockets.
[[0;32m  OK  [0m] Reached target Basic System.
[[0;32m  OK  [0m] Started D-Bus System Message Bus.
         Starting System Logging Service...
[[0;32m  OK  [0m] Started ACPI event daemon.
         Starting LXD - container startup/shutdown...
[[0;32m  OK  [0m] Started memcached daemon.
[[0;32m  OK  [0m] Started Deferred execution scheduler.
[[0;32m  OK  [0m] Started Snappy daemon.
         Starting Auto import assertions from block devices...
         Starting PostgreSQL Cluster 9.5-main...
         Starting Login Service...
         Starting Network Name Resolution...
         Starting Accounts Service...
         Starting LSB: Record successful boot for GRUB...
         Starting RabbitMQ Messaging Server...
         Starting OpenBSD Secure Shell server...
         Starting MySQL Community Server...
         Starting Apply the settings specified in cloud-config...
[[0;32m  OK  [0m] Started Regular background program processing daemon.
[[0;32m  OK  [0m] Started FUSE filesystem for LXC.
         Starting Advanced key-value store...
[[0;32m  OK  [0m] Started System Logging Service.
[[0;32m  OK  [0m] Started Auto import assertions from block devices.
[[0;32m  OK  [0m] Started Login Service.
[[0;32m  OK  [0m] Started Network Name Resolution.
[[0;32m  OK  [0m] Started LSB: Record successful boot for GRUB.
[[0;32m  OK  [0m] Started Login to default iSCSI targets.
[[0;32m  OK  [0m] Reached target Remote File Systems (Pre).
[[0;32m  OK  [0m] Reached target Remote File Systems.
         Starting LSB: VirtualBox Linux Additions...
         Starting Permit User Sessions...
         Starting LSB: daemon to balance interrupts for SMP systems...
         Starting LSB: Start/stop sysstat's sadc...
         Starting LSB: automatic crash report generation...
[[0;32m  OK  [0m] Started Permit User Sessions.
         Starting Hold until boot process finishes up...
[   25.938036] cloud-init[1392]: Cloud-init v. 0.7.9 running 'modules:config' at Thu, 08 Jun 2017 04:52:58 +0000. Up 25.57 seconds.
         Starting Terminate Plymouth Boot Screen...
[[0;32m  OK  [0m] Started Apply the settings specified in cloud-config.
[[0;32m  OK  [0m] Started Hold until boot process finishes up.
[[0;32m  OK  [0m] Started Terminate Plymouth Boot Screen.
         Starting Set console scheme...
[[0;32m  OK  [0m] Started Serial Getty on ttyS0.
[[0;32m  OK  [0m] Started LSB: Start/stop sysstat's sadc.
[[0;32m  OK  [0m] Started Set console scheme.
[[0;32m  OK  [0m] Created slice system-getty.slice.
[[0;32m  OK  [0m] Started Getty on tty1.
[[0;32m  OK  [0m] Reached target Login Prompts.
[[0;32m  OK  [0m] Started LSB: automatic crash report generation.
[[0;32m  OK  [0m] Started Advanced key-value store.
[[0;32m  OK  [0m] Started LSB: daemon to balance interrupts for SMP systems.
[[0;32m  OK  [0m] Started OpenBSD Secure Shell server.
         Starting Authenticate and Authorize Users to Run Privileged Tasks...
[[0;32m  OK  [0m] Started LSB: VirtualBox Linux Additions.
[[0;32m  OK  [0m] Started Authenticate and Authorize Users to Run Privileged Tasks.
[[0;32m  OK  [0m] Started Accounts Service.

Ubuntu 16.10 rails-dev-box ttyS0

rails-dev-box login: [   38.143419] cloud-init[2564]: Cloud-init v. 0.7.9 running 'modules:final' at Thu, 08 Jun 2017 04:53:11 +0000. Up 37.95 seconds.
[   38.144026] cloud-init[2564]: Cloud-init v. 0.7.9 finished at Thu, 08 Jun 2017 04:53:11 +0000. Datasource DataSourceNoCloud [seed=/dev/sdb][dsmode=net].  Up 38.13 seconds
         Stopping ACPI event de         Stopping Serial Getty on ttyS0...
         Stopping LXD - container startup/shutdown...
         Stopping D-Bus System Message Bus...
         Stopping memcached daemon...
         Stopping System Logging Service...
         Stopping MySQL Community Server...
         Stopping LSB: Start/stop sysstat's sadc...
         Stopping LSB: automatic crash report generation...
[[0;32m  OK  [0m] Stopped target Cloud-config availability.
         Stopping Session 3 of user ubuntu.
         Stopping LSB: daemon to balance interrupts for SMP systems...
         Stopping Deferred execution scheduler...
[[0;32m  OK  [0m] Stopped Daily Cleanup of Temporary Directories.
[[0;32m  OK  [0m] Closed Load/Save RF Kill Switch Status /dev/rfkill Watch.
         Stopping Snappy daemon...
         Stopping Network Name Resolution...
         Stopping User Manager for UID 1000...
[[0;32m  OK  [0m] Stopped PostgreSQL RDBMS.
         Stopping PostgreSQL Cluster 9.5-main...
         Stopping RabbitMQ Messaging Server...
         Stopping LSB: VirtualBox Linux Additions...
         Stopping LSB: Record successful boot for GRUB...
[[0;32m  OK  [0m] Unmounted /var/lib/lxcfs.
[[0;32m  OK  [0m] Stopped System Logging Service.
[[0;32m  OK  [0m] Stopped ACPI event daemon.
[[0;32m  OK  [0m] Stopped memcached daemon.
[[0;32m  OK  [0m] Stopped Deferred execution scheduler.
[[0;32m  OK  [0m] Stopped Snappy daemon.
[[0;32m  OK  [0m] Stopped Accounts Service.
[[0;32m  OK  [0m] Stopped OpenBSD Secure Shell server.
[[0;32m  OK  [0m] Stopped Regular background program processing daemon.
[[0;32m  OK  [0m] Stopped Serial Getty on ttyS0.
[[0;32m  OK  [0m] Stopped Getty on tty1.
[[0;32m  OK  [0m] Stopped Authenticate and Authorize Users to Run Privileged Tasks.
[[0;32m  OK  [0m] Stopped MySQL Community Server.
[[0;32m  OK  [0m] Stopped User Manager for UID 1000.
[[0;32m  OK  [0m] Stopped Session 3 of user ubuntu.
[[0;32m  OK  [0m] Stopped Session 6 of user ubuntu.
[[0;32m  OK  [0m] Stopped D-Bus System Message Bus.
[[0;32m  OK  [0m] Stopped Network Name Resolution.
[[0;32m  OK  [0m] Stopped RabbitMQ Messaging Server.
[[0;32m  OK  [0m] Stopped FUSE filesystem for LXC.
[[0;32m  OK  [0m] Stopped PostgreSQL Cluster 9.5-main.
[[0;32m  OK  [0m] Stopped LXD - container startup/shutdown.
[[0;32m  OK  [0m] Stopped LSB: Start/stop sysstat's sadc.
[[0;32m  OK  [0m] Removed slice system-postgresql.slice.
[[0;32m  OK  [0m] Removed slice User Slice of ubuntu.
         Stopping Login Service...
[[0;32m  OK  [0m] Removed slice system-getty.slice.
         Stopping Permit User Sessions...
[[0;32m  OK  [0m] Removed slice system-serial\x2dgetty.slice.
[[0;32m  OK  [0m] Stopped Login Service.
[[0;32m  OK  [0m] Stopped LSB: automatic crash report generation.
[[0;32m  OK  [0m] Stopped LSB: daemon to balance interrupts for SMP systems.
[[0;32m  OK  [0m] Stopped LSB: VirtualBox Linux Additions.
[[0;32m  OK  [0m] Stopped LSB: Record successful boot for GRUB.
[[0;32m  OK  [0m] Stopped Advanced key-value store.
[[0;32m  OK  [0m] Stopped Permit User Sessions.
[[0;32m  OK  [0m] Stopped target Remote File Systems.
[[0;32m  OK  [0m] Stopped target Remote File Systems (Pre).
         Stopping Login to default iSCSI targets...
[[0;32m  OK  [0m] Stopped target User and Group Name Lookups.
[[0;32m  OK  [0m] Stopped target Basic System.
[[0;32m  OK  [0m] Stopped target Sockets.
[[0;32m  OK  [0m] Closed D-Bus System Message Bus Socket.
[[0;32m  OK  [0m] Closed LXD - unix socket.
[[0;32m  OK  [0m] Closed UUID daemon activation socket.
[[0;32m  OK  [0m] Closed Socket activation for snappy daemon.
[[0;32m  OK  [0m] Closed ACPID Listen Socket.
[[0;32m  OK  [0m] Closed Syslog Socket.
[[0;32m  OK  [0m] Stopped target Slices.
[[0;32m  OK  [0m] Stopped target Paths.
[[0;32m  OK  [0m] Stopped ACPI Events Check.
[[0;32m  OK  [0m] Stopped target System Initialization.
         Stopping Load/Save Random Seed...
[[0;32m  OK  [0m] Stopped Create Volatile Files and Directories.
[[0;32m  OK  [0m] Stopped target Swap.
         Deactivating swap /swapfile...
[[0;32m  OK  [0m] Stopped target Encrypted Volumes.
[[0;32m  OK  [0m] Stopped Forward Password Requests to Wall Directory Watch.
[[0;32m  OK  [0m] Stopped Dispatch Password Requests to Console Directory Watch.
[[0;32m  OK  [0m] Removed slice User and Session Slice.
[[0;32m  OK  [0m] Stopped Load/Save Random Seed.
[[0;32m  OK  [0m] Deactivated swap /swapfile.
[[0;32m  OK  [0m] Stopped Login to default iSCSI targets.
         Stopping iSCSI initiator daemon (iscsid)...
[[0;32m  OK  [0m] Stopped iSCSI initiator daemon (iscsid).
[[0;32m  OK  [0m] Stopped target Network is Online.
[[0;32m  OK  [0m] Stopped target Network.
         Stopping ifup for enp0s3...
[[0;32m  OK  [0m] Stopped Initial cloud-init job (metadata service crawler).
         Stopping Raise network interfaces...
[[0;32m  OK  [0m] Stopped Raise network interfaces.
[[0;32m  OK  [0m] Stopped ifup for enp0s3.
[[0;32m  OK  [0m] Stopped Apply Kernel Variables.
[[0;32m  OK  [0m] Stopped Load Kernel Modules.
[[0;32m  OK  [0m] Stopped target Local File Systems.
         Starting Unattended Upgrades Shutdown...
         Unmounting /vagrant...
         Unmounting /run/user/1000...
[[0;32m  OK  [0m] Stopped target Network (Pre).
[[0;32m  OK  [0m] Stopped Initial cloud-init job (pre-networking).
[[0;32m  OK  [0m] Started Unattended Upgrades Shutdown.
[[0;32m  OK  [0m] Unmounted /vagrant.
[[0;32m  OK  [0m] Unmounted /run/user/1000.
[[0;32m  OK  [0m] Reached target Unmount All Filesystems.
[[0;32m  OK  [0m] Stopped target Local File Systems (Pre).
[[0;32m  OK  [0m] Stopped Remount Root and Kernel File Systems.
         Stopping Monitoring of LVM2 mirrors... dmeventd or progress polling...
[[0;32m  OK  [0m] Stopped Create Static Device Nodes in /dev.
[[0;32m  OK  [0m] Reached target Shutdown.
[  385.246760] reboot: Power down
